../Core/Src/Escalator.c:20:6:SysTickcallback	4	static
../Core/Src/Escalator.c:27:6:UPLCDinit	8	static
../Core/Src/Escalator.c:41:6:UPLCD	8	static
../Core/Src/Escalator.c:49:6:DOWNLCDinit	8	static
../Core/Src/Escalator.c:63:6:DOWNLCD	8	static
../Core/Src/Escalator.c:70:6:STOPLCDinit	8	static
../Core/Src/Escalator.c:79:6:EscalatorSpeedEventCheck	16	static
../Core/Src/Escalator.c:98:6:EscalatorStateCheck	8	static
../Core/Src/Escalator.c:109:6:EscalatorRUN	8	static
../Core/Src/Escalator.c:121:6:EscalatorStateCheck_FAST	16	static
../Core/Src/Escalator.c:181:6:EscalatorStateCheck_SLOW	16	static
../Core/Src/Escalator.c:217:6:EscalatorRUN_FAST	8	static
../Core/Src/Escalator.c:280:6:EscalatorRUN_SLOW	8	static
