../Core/Src/I2C_CLCD.c:6:6:initCLCD	16	static
../Core/Src/I2C_CLCD.c:11:6:I2C_CLCD_Delay_us	24	static
../Core/Src/I2C_CLCD.c:18:6:I2C_CLCD_SendByte	32	static
../Core/Src/I2C_CLCD.c:36:6:I2C_CLCD_init	16	static
../Core/Src/I2C_CLCD.c:54:6:I2C_CLCD_GotoXY	16	static
../Core/Src/I2C_CLCD.c:58:6:I2C_CLCD_PutC	16	static
../Core/Src/I2C_CLCD.c:69:6:I2C_CLCD_PutStr	16	static
../Core/Src/I2C_CLCD.c:74:6:I2C_CLCD_Cursor	16	static
../Core/Src/I2C_CLCD.c:78:6:I2C_CLCD_Right	8	static
../Core/Src/I2C_CLCD.c:82:6:I2C_CLCD_Left	8	static
../Core/Src/I2C_CLCD.c:86:6:I2C_CLCD_ShiftStop	8	static
../Core/Src/I2C_CLCD.c:90:6:I2C_CLCD_CustomFont	32	static
../Core/Src/I2C_CLCD.c:106:7:I2C_CLCD_Progressbar	24	static
../Core/Src/I2C_CLCD.c:119:6:I2C_CLCD_CG_ClearBuffer	8	static
../Core/Src/I2C_CLCD.c:123:6:I2C_CLCD_CG_ScrollLeft	24	static
../Core/Src/I2C_CLCD.c:129:6:I2C_CLCD_CG_DrawPixel	24	static
../Core/Src/I2C_CLCD.c:133:6:I2C_CLCD_CG_Update	32	static
../Core/Src/I2C_CLCD.c:178:6:I2C_CLCD_SendByte2	32	static
../Core/Src/I2C_CLCD.c:196:6:I2C_CLCD_init2	16	static
../Core/Src/I2C_CLCD.c:214:6:I2C_CLCD_GotoXY2	16	static
../Core/Src/I2C_CLCD.c:218:6:I2C_CLCD_PutC2	16	static
../Core/Src/I2C_CLCD.c:229:6:I2C_CLCD_PutStr2	16	static
../Core/Src/I2C_CLCD.c:234:6:I2C_CLCD_Cursor2	16	static
../Core/Src/I2C_CLCD.c:238:6:I2C_CLCD_Right2	8	static
../Core/Src/I2C_CLCD.c:242:6:I2C_CLCD_Left2	8	static
../Core/Src/I2C_CLCD.c:246:6:I2C_CLCD_ShiftStop2	8	static
../Core/Src/I2C_CLCD.c:250:6:I2C_CLCD_CustomFont2	32	static
../Core/Src/I2C_CLCD.c:266:7:I2C_CLCD_Progressbar2	24	static
../Core/Src/I2C_CLCD.c:279:6:I2C_CLCD_CG_ClearBuffer2	8	static
../Core/Src/I2C_CLCD.c:283:6:I2C_CLCD_CG_ScrollLeft2	24	static
../Core/Src/I2C_CLCD.c:289:6:I2C_CLCD_CG_DrawPixel2	24	static
../Core/Src/I2C_CLCD.c:293:6:I2C_CLCD_CG_Update2	32	static
../Core/Src/I2C_CLCD.c:302:6:I2C_CLCD_Clear2	8	static
../Core/Src/I2C_CLCD.c:307:6:I2C_CLCD_CustomFont_UPARROW2	8	static
