../Core/Src/main.c:81:5:main	8	static
../Core/Src/main.c:158:6:SystemClock_Config	88	static
../Core/Src/main.c:202:13:MX_I2C1_Init	8	static
../Core/Src/main.c:234:13:MX_I2C2_Init	8	static
../Core/Src/main.c:266:13:MX_TIM1_Init	48	static
../Core/Src/main.c:322:13:MX_TIM3_Init	64	static
../Core/Src/main.c:375:13:MX_TIM11_Init	8	static
../Core/Src/main.c:404:13:MX_USART2_UART_Init	8	static
../Core/Src/main.c:435:13:MX_GPIO_Init	40	static
../Core/Src/main.c:483:6:Error_Handler	4	static,ignoring_inline_asm
